// Jest Snapshot v1, https://goo.gl/fbAQLP

exports[`[Intro] screen rendering test should render outer component and snapshot matches 1`] = `
<div
  className="sc-iBPRYJ ekgJal"
>
  <div
    className="sc-jSgupP jJyShf"
  >
    <span
      className="sc-gKsewC iVLrk"
    >
      
    </span>
    <span
      className="sc-gKsewC iVLrk"
    >
      
    </span>
    <span
      className="sc-gKsewC iVLrk"
    >
      
    </span>
  </div>
  <div
    className="sc-fubCfw bLJVPb"
  >
    <button
      className="sc-gsTCUz chpcOx"
      onClick={[Function]}
      style={
        Object {
          "display": "flex",
          "height": "60px",
        }
      }
    >
      <div
        className="sc-dlfnbm EHnXe"
      >
        <img
          className="sc-eCssSg ivfBrb"
          src="test-file-stub"
        />
        <span
          className="sc-hKgILt gqkJgm"
        >
          Sign In
        </span>
      </div>
    </button>
    <button
      className="sc-gsTCUz chpcOx"
      onClick={[Function]}
      style={
        Object {
          "display": "flex",
          "height": "60px",
        }
      }
    >
      <div
        className="sc-dlfnbm EHnXe"
      >
        <span
          className="sc-hKgILt gqkJgm"
        >
          Navigate
        </span>
      </div>
    </button>
    <button
      className="sc-gsTCUz chpcOx"
      onClick={[Function]}
      style={
        Object {
          "display": "flex",
          "height": "60px",
        }
      }
    >
      <div
        className="sc-dlfnbm EHnXe"
      >
        <span
          className="sc-hKgILt gqkJgm"
        >
          Change theme
        </span>
      </div>
    </button>
  </div>
</div>
`;
