// Jest Snapshot v1, https://goo.gl/fbAQLP

exports[`[Intro] screen rendering test should render outer component and snapshot matches 1`] = `
<div
  className="css-1nvx4il"
>
  <div
    className="css-1vx0ptc"
  >
    <span
      className="css-1l2m8ze"
    >
      
    </span>
    <span
      className="css-1l2m8ze"
    >
      
    </span>
    <span
      className="css-1l2m8ze"
    >
      
    </span>
  </div>
  <div
    className="css-1j4jnb0"
  >
    <button
      className="css-wnig0z"
      data-testid="SIGN_IN"
      onClick={[Function]}
      style={
        Object {
          "display": "flex",
          "height": "60px",
        }
      }
    >
      <div
        className="css-qfy95"
      >
        <img
          className="css-1oidkpf"
          src="test-file-stub"
        />
        <span
          className="css-6apmke"
        />
      </div>
    </button>
    <button
      className="css-wnig0z"
      onClick={[Function]}
      style={
        Object {
          "display": "flex",
          "height": "60px",
        }
      }
    >
      <div
        className="css-qfy95"
      >
        <span
          className="css-6apmke"
        />
      </div>
    </button>
    <button
      className="css-wnig0z"
      data-testid="CHANGE_THEME"
      onClick={[Function]}
      style={
        Object {
          "display": "flex",
          "height": "60px",
        }
      }
    >
      <div
        className="css-qfy95"
      >
        <span
          className="css-6apmke"
        />
      </div>
    </button>
  </div>
</div>
`;
