// Jest Snapshot v1, https://goo.gl/fbAQLP

exports[`[Intro] screen rendering test should render outer component and snapshot matches 1`] = `
<div
  className="sc-iCoGMd gwxGLM"
>
  <div
    className="sc-jSFjdj cuQAFr"
  >
    <span
      className="sc-gKAaRy kCUEjt"
    >
      
    </span>
    <span
      className="sc-gKAaRy kCUEjt"
    >
      
    </span>
    <span
      className="sc-gKAaRy kCUEjt"
    >
      
    </span>
  </div>
  <div
    className="sc-fujyAs jygmDW"
  >
    <button
      className="sc-gtsrHT hhjOfX"
      data-testid="SIGN_IN"
      onClick={[Function]}
      style={
        Object {
          "display": "flex",
          "height": "60px",
        }
      }
    >
      <div
        className="sc-dlnjwi hoXjOf"
      >
        <img
          className="sc-eCApnc leeSbz"
          src="test-file-stub"
        />
        <span
          className="sc-hKFxyN kniJqB"
        />
      </div>
    </button>
    <button
      className="sc-gtsrHT hhjOfX"
      onClick={[Function]}
      style={
        Object {
          "display": "flex",
          "height": "60px",
        }
      }
    >
      <div
        className="sc-dlnjwi hoXjOf"
      >
        <span
          className="sc-hKFxyN kniJqB"
        />
      </div>
    </button>
    <button
      className="sc-gtsrHT hhjOfX"
      data-testid="CHANGE_THEME"
      onClick={[Function]}
      style={
        Object {
          "display": "flex",
          "height": "60px",
        }
      }
    >
      <div
        className="sc-dlnjwi hoXjOf"
      >
        <span
          className="sc-hKFxyN kniJqB"
        />
      </div>
    </button>
  </div>
</div>
`;
