// Jest Snapshot v1, https://goo.gl/fbAQLP

exports[`InputLabel component test component matches with its snapshot 1`] = `
<div
  className="profileEachCategory"
>
  <input
    className="profInput"
    id="emailInput"
    key="emailInput"
    onChange={[Function]}
    placeholder="email"
    style={
      Object {
        "borderBottom": "2px solid rgb(0, 0, 0)",
      }
    }
    type="email"
  />
  <label
    className="profCategoryTxt"
    style={
      Object {
        "color": "#000",
        "fontWeight": "bold",
      }
    }
  >
    email
  </label>
</div>
`;
