// Jest Snapshot v1, https://goo.gl/fbAQLP

exports[`[SwitchNavigator] rendering should renders without crashing 1`] = `
<body>
  <div>
    <div
      style="text-align: center; flex: 1;"
    >
      <div
        class="sc-iCoGMd gwxGLM"
      >
        <div
          class="sc-jSFjdj cuQAFr"
        >
          <span
            class="sc-gKAaRy kCUEjt"
          />
          <span
            class="sc-gKAaRy kCUEjt"
          />
          <span
            class="sc-gKAaRy kCUEjt"
          />
        </div>
        <div
          class="sc-fujyAs jygmDW"
        >
          <button
            class="sc-gtsrHT hhjOfX"
            data-testid="SIGN_IN"
            style="display: flex; height: 60px;"
          >
            <div
              class="sc-dlnjwi hoXjOf"
            >
              <img
                class="sc-eCApnc leeSbz"
                src="test-file-stub"
              />
              <span
                class="sc-hKFxyN kniJqB"
              />
            </div>
          </button>
          <button
            class="sc-gtsrHT hhjOfX"
            style="display: flex; height: 60px;"
          >
            <div
              class="sc-dlnjwi hoXjOf"
            >
              <span
                class="sc-hKFxyN kniJqB"
              />
            </div>
          </button>
          <button
            class="sc-gtsrHT hhjOfX"
            data-testid="CHANGE_THEME"
            style="display: flex; height: 60px;"
          >
            <div
              class="sc-dlnjwi hoXjOf"
            >
              <span
                class="sc-hKFxyN kniJqB"
              />
            </div>
          </button>
        </div>
      </div>
    </div>
  </div>
</body>
`;
