// Jest Snapshot v1, https://goo.gl/fbAQLP

exports[`[SwitchNavigator] rendering should renders without crashing 1`] = `
<body>
  <div>
    <div
      style="text-align: center;"
    >
      <div
        class="sc-iBPRYJ ekgJal"
      >
        <div
          class="sc-jSgupP jJyShf"
        >
          <span
            class="sc-gKsewC iVLrk"
          />
          <span
            class="sc-gKsewC iVLrk"
          />
          <span
            class="sc-gKsewC iVLrk"
          />
        </div>
        <div
          class="sc-fubCfw bLJVPb"
        >
          <button
            class="sc-gsTCUz chpcOx"
            style="display: flex; height: 60px;"
          >
            <div
              class="sc-dlfnbm EHnXe"
            >
              <img
                class="sc-eCssSg ivfBrb"
                src="test-file-stub"
              />
              <span
                class="sc-hKgILt gqkJgm"
              >
                Sign In
              </span>
            </div>
          </button>
          <button
            class="sc-gsTCUz chpcOx"
            style="display: flex; height: 60px;"
          >
            <div
              class="sc-dlfnbm EHnXe"
            >
              <span
                class="sc-hKgILt gqkJgm"
              >
                Navigate
              </span>
            </div>
          </button>
          <button
            class="sc-gsTCUz chpcOx"
            style="display: flex; height: 60px;"
          >
            <div
              class="sc-dlfnbm EHnXe"
            >
              <span
                class="sc-hKgILt gqkJgm"
              >
                Change theme
              </span>
            </div>
          </button>
        </div>
      </div>
    </div>
  </div>
</body>
`;
