// Jest Snapshot v1, https://goo.gl/fbAQLP

exports[`[SwitchNavigator] rendering should renders without crashing 1`] = `
<body>
  <div>
    <div
      style="text-align: center; flex: 1;"
    >
      <div
        class="sc-iCfLBT jmkFdP"
      >
        <div
          class="sc-jRQAMF hyNlNF"
        >
          <span
            class="sc-gKckTs cRfCbT"
          />
          <span
            class="sc-gKckTs cRfCbT"
          />
          <span
            class="sc-gKckTs cRfCbT"
          />
        </div>
        <div
          class="sc-furvIG eyNmWD"
        >
          <button
            class="sc-gsDJrp nsoVv"
            style="display: flex; height: 60px;"
          >
            <div
              class="sc-dkPtyc cmwPJO"
            >
              <img
                class="sc-eCImvq hKBrPS"
                src="test-file-stub"
              />
              <span
                class="sc-hKwCoD ixcHR"
              >
                Sign In
              </span>
            </div>
          </button>
          <button
            class="sc-gsDJrp nsoVv"
            style="display: flex; height: 60px;"
          >
            <div
              class="sc-dkPtyc cmwPJO"
            >
              <span
                class="sc-hKwCoD ixcHR"
              >
                Navigate
              </span>
            </div>
          </button>
          <button
            class="sc-gsDJrp nsoVv"
            style="display: flex; height: 60px;"
          >
            <div
              class="sc-dkPtyc cmwPJO"
            >
              <span
                class="sc-hKwCoD ixcHR"
              >
                Change theme
              </span>
            </div>
          </button>
        </div>
      </div>
    </div>
  </div>
</body>
`;
