// Jest Snapshot v1, https://goo.gl/fbAQLP

exports[`[Intro] screen rendering test should render outer component and snapshot matches 1`] = `
<div
  className="sc-AykKH kEvPvw"
>
  <div
    className="sc-AykKI jvsToU"
  >
    <span
      className="sc-AykKK ztLDi"
    >
      
    </span>
    <span
      className="sc-AykKK ztLDi"
    >
      
    </span>
    <span
      className="sc-AykKK ztLDi"
    >
      
    </span>
  </div>
  <div
    className="sc-AykKJ dbMAGP"
  >
    <button
      className="sc-AykKC hXMJWl"
      onClick={[Function]}
      style={
        Object {
          "display": "flex",
          "height": "60px",
        }
      }
    >
      <div
        className="sc-AykKD eXbViw"
      >
        <img
          className="sc-AykKF eeCYSW"
          src="test-file-stub"
        />
        <span
          className="sc-AykKE ekRPzN"
        >
          Login
        </span>
      </div>
    </button>
    <button
      className="sc-AykKC hXMJWl"
      onClick={[Function]}
      style={
        Object {
          "display": "flex",
          "height": "60px",
        }
      }
    >
      <div
        className="sc-AykKD eXbViw"
      >
        <span
          className="sc-AykKE ekRPzN"
        >
          Navigate
        </span>
      </div>
    </button>
    <button
      className="sc-AykKC hXMJWl"
      onClick={[Function]}
      style={
        Object {
          "display": "flex",
          "height": "60px",
        }
      }
    >
      <div
        className="sc-AykKD eXbViw"
      >
        <span
          className="sc-AykKE ekRPzN"
        >
          Change theme
        </span>
      </div>
    </button>
  </div>
</div>
`;
