// Jest Snapshot v1, https://goo.gl/fbAQLP

exports[`[Temp] render renders without crashing 1`] = `
<div
  className="sc-AxgMl cMyNWu"
>
  <button
    className="sc-AxjAm cwAnes"
    onClick={[Function]}
    style={
      Object {
        "display": "flex",
        "height": "60px",
      }
    }
  >
    <div
      className="sc-AxirZ gvdnJD"
    >
      <span
        className="sc-AxiKw kvcIxV"
      >
        back to tab page
      </span>
    </div>
  </button>
</div>
`;
