// Jest Snapshot v1, https://goo.gl/fbAQLP

exports[`[SwitchNavigator] rendering should renders without crashing 1`] = `
<div
  style={
    Object {
      "textAlign": "center",
    }
  }
>
  <div
    className="sc-EHOje jnQdsg"
  >
    <div
      className="sc-bZQynM iahEzA"
    >
      <span
        className="sc-htoDjs bfpTlg"
      >
        
      </span>
      <span
        className="sc-htoDjs bfpTlg"
      >
        
      </span>
      <span
        className="sc-htoDjs bfpTlg"
      >
        
      </span>
    </div>
    <div
      className="sc-gzVnrw gqpNDZ"
    >
      <button
        className="sc-bdVaJa hCovpY"
        onClick={[Function]}
        style={
          Object {
            "display": "flex",
            "height": "60px",
          }
        }
      >
        <div
          className="sc-bwzfXH jccYBR"
        >
          <img
            className="sc-bxivhb aUweh"
            src="test-file-stub"
          />
          <span
            className="sc-htpNat fsEAzg"
          >
            Login
          </span>
        </div>
      </button>
      <button
        className="sc-bdVaJa hCovpY"
        onClick={[Function]}
        style={
          Object {
            "display": "flex",
            "height": "60px",
          }
        }
      >
        <div
          className="sc-bwzfXH jccYBR"
        >
          <span
            className="sc-htpNat fsEAzg"
          >
            Navigate
          </span>
        </div>
      </button>
      <button
        className="sc-bdVaJa hCovpY"
        onClick={[Function]}
        style={
          Object {
            "display": "flex",
            "height": "60px",
          }
        }
      >
        <div
          className="sc-bwzfXH jccYBR"
        >
          <span
            className="sc-htpNat fsEAzg"
          >
            Change theme
          </span>
        </div>
      </button>
    </div>
  </div>
</div>
`;
