// Jest Snapshot v1, https://goo.gl/fbAQLP

exports[`[SwitchNavigator] rendering should renders without crashing 1`] = `
<body>
  <div>
    <div
      style="text-align: center;"
    >
      <div
        class="sc-EHOje jnQdsg"
      >
        <div
          class="sc-bZQynM iahEzA"
        >
          <span
            class="sc-htoDjs bfpTlg"
          />
          <span
            class="sc-htoDjs bfpTlg"
          />
          <span
            class="sc-htoDjs bfpTlg"
          />
        </div>
        <div
          class="sc-gzVnrw gqpNDZ"
        >
          <button
            class="sc-bdVaJa hCovpY"
            style="display: flex; height: 60px;"
          >
            <div
              class="sc-bwzfXH jccYBR"
            >
              <img
                class="sc-bxivhb aUweh"
                src="test-file-stub"
              />
              <span
                class="sc-htpNat fsEAzg"
              >
                Login
              </span>
            </div>
          </button>
          <button
            class="sc-bdVaJa hCovpY"
            style="display: flex; height: 60px;"
          >
            <div
              class="sc-bwzfXH jccYBR"
            >
              <span
                class="sc-htpNat fsEAzg"
              >
                Navigate
              </span>
            </div>
          </button>
          <button
            class="sc-bdVaJa hCovpY"
            style="display: flex; height: 60px;"
          >
            <div
              class="sc-bwzfXH jccYBR"
            >
              <span
                class="sc-htpNat fsEAzg"
              >
                Change theme
              </span>
            </div>
          </button>
        </div>
      </div>
    </div>
  </div>
</body>
`;
