// Jest Snapshot v1, https://goo.gl/fbAQLP

exports[`[SwitchNavigator] rendering should renders without crashing 1`] = `
<body>
  <div>
    <div
      style="text-align: center;"
    >
      <div
        class="sc-AykKH kEvPvw"
      >
        <div
          class="sc-AykKI jvsToU"
        >
          <span
            class="sc-AykKK ztLDi"
          />
          <span
            class="sc-AykKK ztLDi"
          />
          <span
            class="sc-AykKK ztLDi"
          />
        </div>
        <div
          class="sc-AykKJ dbMAGP"
        >
          <button
            class="sc-AykKC hXMJWl"
            style="display: flex; height: 60px;"
          >
            <div
              class="sc-AykKD eXbViw"
            >
              <img
                class="sc-AykKF eeCYSW"
                src="test-file-stub"
              />
              <span
                class="sc-AykKE ekRPzN"
              >
                Login
              </span>
            </div>
          </button>
          <button
            class="sc-AykKC hXMJWl"
            style="display: flex; height: 60px;"
          >
            <div
              class="sc-AykKD eXbViw"
            >
              <span
                class="sc-AykKE ekRPzN"
              >
                Navigate
              </span>
            </div>
          </button>
          <button
            class="sc-AykKC hXMJWl"
            style="display: flex; height: 60px;"
          >
            <div
              class="sc-AykKD eXbViw"
            >
              <span
                class="sc-AykKE ekRPzN"
              >
                Change theme
              </span>
            </div>
          </button>
        </div>
      </div>
    </div>
  </div>
</body>
`;
