// Jest Snapshot v1, https://goo.gl/fbAQLP

exports[`[Button] shared component test component and snapshot matches 1`] = `
<button
  className="css-1iagyjb"
  style={
    Object {
      "display": "flex",
      "height": "60px",
    }
  }
>
  <div
    className="css-qfy95"
  >
    <span
      className="css-898nen"
    >
      Button 2nd test
    </span>
  </div>
</button>
`;
