// Vitest Snapshot v1

exports[`[Button] shared component test > component and snapshot matches 1`] = `
<button
  className="css-1iagyjb"
  style={
    {
      "display": "flex",
      "height": "60px",
    }
  }
>
  <div
    className="css-qfy95"
  >
    <span
      className="css-898nen"
    >
      Button 2nd test
    </span>
  </div>
</button>
`;
