// Vitest Snapshot v1

exports[`[Temp] render > renders without crashing 1`] = `
<div
  style={
    {
      "flex": 1,
      "textAlign": "center",
      "width": "100vw",
    }
  }
>
  <div
    className="css-1vx0ptc"
  >
    <span
      className="css-1l2m8ze"
    />
    <span
      className="css-1l2m8ze"
    />
    <span
      className="css-1l2m8ze"
    />
  </div>
</div>
`;
