// Jest Snapshot v1, https://goo.gl/fbAQLP

exports[`[Temp] render renders without crashing 1`] = `
<div
  style={
    Object {
      "flex": 1,
      "textAlign": "center",
      "width": "100vw",
    }
  }
>
  <div
    className="css-1vx0ptc"
  >
    <span
      className="css-1l2m8ze"
    >
      
    </span>
    <span
      className="css-1l2m8ze"
    >
      
    </span>
    <span
      className="css-1l2m8ze"
    >
      
    </span>
  </div>
</div>
`;
